RenderingTestResultServer: start standaloneServer:  rendering-test-results/mbstyle-s412b
RenderingTestResultServer: serving IBCT report at /ibct-report endpoint
RenderingTestResultServer: accepting IBCT results at /ibct-feedback endpoint
RenderingTestResultServer: listening on port localhost:8099!
tsconfig-paths-webpack-plugin: Using config file at /home/aninggo/work/flywave.gl/tsconfig.karma.json
Matched test files: [
  '@flywave/flywave-mbstyle-datasource/test/MBStyleCompatRenderTest.ts',
  {
    pattern: 'node_modules/three/examples/jsm/libs/draco/**/*.*',
    included: false
  },
  {
    pattern: '@flywave/flywave-3dtile-render/test/data/**/*.*',
    included: false
  },
  {
    pattern: '@flywave/flywave-map-theme/resources/fonts/**/*.*',
    included: false
  },
  {
    pattern: '@flywave/flywave-mbstyle-datasource/test/render-tests/**/expected.png',
    included: false
  },
  {
    pattern: '@flywave/flywave-mbstyle-datasource/test/rendering/integration/**/*.*',
    included: false
  },
  {
    pattern: 'mapbox-gl-js/test/integration/image/*.*',
    included: false
  }
]
[33m25 08 2026 21:02:00.197:WARN [filelist]: [39mPattern "/home/aninggo/work/flywave.gl/@flywave/flywave-3dtile-render/test/data/**/*.*" does not match any file.
Webpack bundling...
asset [1m[32mcommons.js[39m[22m 41.1 MiB [1m[32m[emitted][39m[22m (name: commons) (id hint: commons)
asset [1m[32mruntime.js[39m[22m 16.4 KiB [1m[32m[emitted][39m[22m (name: runtime)
asset [1m[32mMBStyleCompatRenderTest.1077151467.js[39m[22m 517 bytes [1m[32m[emitted][39m[22m (name: MBStyleCompatRenderTest.1077151467)
Entrypoint [1mMBStyleCompatRenderTest.1077151467[39m[22m 41.1 MiB = [1m[32mruntime.js[39m[22m 16.4 KiB [1m[32mcommons.js[39m[22m 41.1 MiB [1m[32mMBStyleCompatRenderTest.1077151467.js[39m[22m 517 bytes
webpack 5.99.9 compiled [1m[32msuccessfully[39m[22m in 11393 ms
[33m25 08 2026 21:02:13.391:WARN [filelist]: [39mPattern "/home/aninggo/work/flywave.gl/@flywave/flywave-3dtile-render/test/data/**/*.*" does not match any file.
[32m25 08 2026 21:02:14.924:INFO [karma-server]: [39mKarma v6.4.4 server started at http://localhost:9876/
[32m25 08 2026 21:02:14.925:INFO [launcher]: [39mLaunching browsers ChromeHeadlessNoSandbox with concurrency unlimited
[32m25 08 2026 21:02:14.928:INFO [launcher]: [39mStarting browser ChromeHeadless
[32m25 08 2026 21:02:15.630:INFO [Edge 150.0.0.0 (Linux x86_64)]: [39mConnected on socket tULjHwe92KpcCsUAAAAB with id 37121999
Edge 150.0.0.0 (Linux x86_64) LOG: 'RenderingTestHelper:', 'WebGlInfo', Object{vendor: 'Google Inc. (Google)', gpu: 'ANGLE (Google, Vulkan 1.3.0 (SwiftShader Device (Subzero) (0x0000C0DE)), SwiftShader driver)'}

Edge 150.0.0.0 (Linux x86_64) LOG: 'RenderingTestHelper:', 'WebGlInfo', Object{vendor: 'Google Inc. (Google)', gpu: 'ANGLE (Google, Vulkan 1.3.0 (SwiftShader Device (Subzero) (0x0000C0DE)), SwiftShader driver)'}
Edge 150.0.0.0 (Linux x86_64) LOG: '[MBStyleCompat] 3026 compatible tests loaded'

Edge 150.0.0.0 (Linux x86_64) LOG: '[MBStyleCompat] 3026 compatible tests loaded'
Edge 150.0.0.0 (Linux x86_64) LOG: '[MBStyleCompat] filtered to 2 tests matching "mapbox-gl-js#4651", "mapbox-gl-js#4124"'

Edge 150.0.0.0 (Linux x86_64) LOG: '[MBStyleCompat] filtered to 2 tests matching "mapbox-gl-js#4651", "mapbox-gl-js#4124"'

[1A[2KEdge 150.0.0.0 (Linux x86_64): Executed 0 of 2 SUCCESS (0 secs / 0 secs)
(node:28153) [DEP0060] DeprecationWarning: The `util._extend` API is deprecated. Please use Object.assign() instead.
(Use `node --trace-deprecation ...` to show where the warning was created)
RenderingTestResultServer: received results for {"module":"mbstyle-render","imageThreshold":0.001,"platform":"web-Edge-150.0.0.0-Linux","name":"regressions/mapbox-gl-js#4124"}
RenderingTestResultServer: /ibct-feedback: result: ok
RenderingTestResultServer: writing current image: rendering-test-results/mbstyle-s412b/web-Edge-150.0.0.0-Linux/mbstyle-render-regressions/mapbox-gl-js#4124.current.png
RenderingTestResultServer: writing diff image: rendering-test-results/mbstyle-s412b/web-Edge-150.0.0.0-Linux/mbstyle-render-regressions/mapbox-gl-js#4124.diff.png
RenderingTestResultServer: writing report rendering-test-results/mbstyle-s412b/web-Edge-150.0.0.0-Linux/mbstyle-render-regressions/mapbox-gl-js#4124.ibct-result.json
[1A[2KEdge 150.0.0.0 (Linux x86_64): Executed 1 of 2 SUCCESS (0 secs / 0.268 secs)
RenderingTestResultServer: received results for {"module":"mbstyle-render","imageThreshold":0.001,"platform":"web-Edge-150.0.0.0-Linux","name":"regressions/mapbox-gl-js#4651"}
RenderingTestResultServer: /ibct-feedback: result: failed: 45 wrong pixels
RenderingTestResultServer: writing current image: rendering-test-results/mbstyle-s412b/web-Edge-150.0.0.0-Linux/mbstyle-render-regressions/mapbox-gl-js#4651.current.png
RenderingTestResultServer: writing diff image: rendering-test-results/mbstyle-s412b/web-Edge-150.0.0.0-Linux/mbstyle-render-regressions/mapbox-gl-js#4651.diff.png
RenderingTestResultServer: writing report rendering-test-results/mbstyle-s412b/web-Edge-150.0.0.0-Linux/mbstyle-render-regressions/mapbox-gl-js#4651.ibct-result.json
[1A[2KEdge 150.0.0.0 (Linux x86_64) MBStyleDataSource render-tests compatibility regressions/mapbox-gl-js#4651 FAILED
	AssertionError: 45 mismatched pixels, reference image: regressions/mapbox-gl-js#4651: expected 45 to be at most 5
	    at RenderingTestHelper.<anonymous> (/tmp/_karma_webpack_792108/commons.js:60997:54)
	    at Generator.next (<anonymous>)
	    at fulfilled (/tmp/_karma_webpack_792108/commons.js:60885:58)
Edge 150.0.0.0 (Linux x86_64): Executed 2 of 2 (1 FAILED) (0 secs / 0.402 secs)
Edge 150.0.0.0 (Linux x86_64) MBStyleDataSource render-tests compatibility regressions/mapbox-gl-js#4651 FAILED
	AssertionError: 45 mismatched pixels, reference image: regressions/mapbox-gl-js#4651: expected 45 to be at most 5
	    at RenderingTestHelper.<anonymous> (/tmp/_karma_webpack_792108/commons.js:60997:54)
	    at Generator.next (<anonymous>)
	    at fulfilled (/tmp/_karma_webpack_792108/commons.js:60885:58)
[1A[2KEdge 150.0.0.0 (Linux x86_64): Executed 2 of 2 (1 FAILED) (0.409 secs / 0.402 secs)
TOTAL: 1 FAILED, 1 SUCCESS
TOTAL: 1 FAILED, 1 SUCCESS
Handlebars: Access has been denied to resolve the property "statements" because it is not an "own property" of its parent.
You can add a runtime option to disable the check or this warning:
See https://handlebarsjs.com/api-reference/runtime-options.html#options-to-control-prototype-access for details
Handlebars: Access has been denied to resolve the property "branches" because it is not an "own property" of its parent.
You can add a runtime option to disable the check or this warning:
See https://handlebarsjs.com/api-reference/runtime-options.html#options-to-control-prototype-access for details
Handlebars: Access has been denied to resolve the property "functions" because it is not an "own property" of its parent.
You can add a runtime option to disable the check or this warning:
See https://handlebarsjs.com/api-reference/runtime-options.html#options-to-control-prototype-access for details
Handlebars: Access has been denied to resolve the property "lines" because it is not an "own property" of its parent.
You can add a runtime option to disable the check or this warning:
See https://handlebarsjs.com/api-reference/runtime-options.html#options-to-control-prototype-access for details

=============================== Coverage summary ===============================
Statements   : Unknown% ( 0/0 )
Branches     : Unknown% ( 0/0 )
Functions    : Unknown% ( 0/0 )
Lines        : Unknown% ( 0/0 )
================================================================================

=== Summary: 1 passed, 1 failed ===
  FAIL regressions/mapbox-gl-js#4651 (45 mismatched pixels)

=== Render-test evaluation complete ===
Results saved to: rendering-test-results/mbstyle-s412b
Open the HTML report:  http://localhost:8099/ibct-report
(press Ctrl-C to stop the result server)
