RenderingTestResultServer: start standaloneServer:  rendering-test-results/mbstyle-s416d
RenderingTestResultServer: serving IBCT report at /ibct-report endpoint
RenderingTestResultServer: accepting IBCT results at /ibct-feedback endpoint
RenderingTestResultServer: listening on port localhost:8099!
tsconfig-paths-webpack-plugin: Using config file at /home/aninggo/work/flywave.gl/tsconfig.karma.json
Matched test files: [
  '@flywave/flywave-mbstyle-datasource/test/MBStyleCompatRenderTest.ts',
  {
    pattern: 'node_modules/three/examples/jsm/libs/draco/**/*.*',
    included: false
  },
  {
    pattern: '@flywave/flywave-3dtile-render/test/data/**/*.*',
    included: false
  },
  {
    pattern: '@flywave/flywave-map-theme/resources/fonts/**/*.*',
    included: false
  },
  {
    pattern: '@flywave/flywave-mbstyle-datasource/test/render-tests/**/expected.png',
    included: false
  },
  {
    pattern: '@flywave/flywave-mbstyle-datasource/test/rendering/integration/**/*.*',
    included: false
  },
  {
    pattern: 'mapbox-gl-js/test/integration/image/*.*',
    included: false
  }
]
[33m25 08 2026 22:06:58.650:WARN [filelist]: [39mPattern "/home/aninggo/work/flywave.gl/@flywave/flywave-3dtile-render/test/data/**/*.*" does not match any file.
Webpack bundling...
asset [1m[32mcommons.js[39m[22m 38.2 MiB [1m[32m[emitted][39m[22m (name: commons) (id hint: commons)
asset [1m[32mruntime.js[39m[22m 16.4 KiB [1m[32m[emitted][39m[22m (name: runtime)
asset [1m[32mMBStyleCompatRenderTest.1077151467.js[39m[22m 517 bytes [1m[32m[emitted][39m[22m (name: MBStyleCompatRenderTest.1077151467)
Entrypoint [1mMBStyleCompatRenderTest.1077151467[39m[22m 38.2 MiB = [1m[32mruntime.js[39m[22m 16.4 KiB [1m[32mcommons.js[39m[22m 38.2 MiB [1m[32mMBStyleCompatRenderTest.1077151467.js[39m[22m 517 bytes

[1m[31mERROR[39m[22m in [1m./@flywave/flywave-mbstyle-datasource/src/MBStyleDataSource.ts[39m[22m [1m[32m2061:22[39m[22m
[1mModule parse [1m[31mfailed[39m[22m[1m: Identifier 'rawColor' has already been declared (2061:22)
File was processed with these loaders:
 * ./node_modules/.pnpm/ts-loader@8.4.0_typescript@5.8.3_webpack@5.99.9/node_modules/ts-loader/index.js
You may need an additional loader to handle the result of these loaders.
|                 }
|                 const rawColor = paint['background-color'];
>                 const rawColor = paint['background-color'];
|                 const opacity = (_f = paint['background-opacity']) !== null && _f !== void 0 ? _f : 1;
|                 let color = '#000000';[39m[22m
 @ ./@flywave/flywave-mbstyle-datasource/test/MBStyleCompatRenderTest.ts 13:0-61 1115:43-60

webpack 5.99.9 compiled with [1m[31m1 error[39m[22m in 10412 ms
[33m25 08 2026 22:07:10.856:WARN [filelist]: [39mPattern "/home/aninggo/work/flywave.gl/@flywave/flywave-3dtile-render/test/data/**/*.*" does not match any file.
[32m25 08 2026 22:07:12.352:INFO [karma-server]: [39mKarma v6.4.4 server started at http://localhost:9876/
[32m25 08 2026 22:07:12.352:INFO [launcher]: [39mLaunching browsers ChromeHeadlessNoSandbox with concurrency unlimited
[32m25 08 2026 22:07:12.356:INFO [launcher]: [39mStarting browser ChromeHeadless
[32m25 08 2026 22:07:13.145:INFO [Edge 150.0.0.0 (Linux x86_64)]: [39mConnected on socket lsE4KEHWoqnqwstaAAAB with id 51780007
Edge 150.0.0.0 (Linux x86_64) LOG: 'RenderingTestHelper:', 'WebGlInfo', Object{vendor: 'Google Inc. (Google)', gpu: 'ANGLE (Google, Vulkan 1.3.0 (SwiftShader Device (Subzero) (0x0000C0DE)), SwiftShader driver)'}

Edge 150.0.0.0 (Linux x86_64) LOG: 'RenderingTestHelper:', 'WebGlInfo', Object{vendor: 'Google Inc. (Google)', gpu: 'ANGLE (Google, Vulkan 1.3.0 (SwiftShader Device (Subzero) (0x0000C0DE)), SwiftShader driver)'}
Edge 150.0.0.0 (Linux x86_64) ERROR
  Uncaught Error: Module parse failed: Identifier 'rawColor' has already been declared (2061:22)
  File was processed with these loaders:
   * ./node_modules/.pnpm/ts-loader@8.4.0_typescript@5.8.3_webpack@5.99.9/node_modules/ts-loader/index.js
  You may need an additional loader to handle the result of these loaders.
  |                 }
  |                 const rawColor = paint['background-color'];
  >                 const rawColor = paint['background-color'];
  |                 const opacity = (_f = paint['background-opacity']) !== null && _f !== void 0 ? _f : 1;
  |                 let color = '#000000';
  at /tmp/_karma_webpack_16416/commons.js:41605:1
  
  Error: Module parse failed: Identifier 'rawColor' has already been declared (2061:22)
  File was processed with these loaders:
   * ./node_modules/.pnpm/ts-loader@8.4.0_typescript@5.8.3_webpack@5.99.9/node_modules/ts-loader/index.js
  You may need an additional loader to handle the result of these loaders.
  |                 }
  |                 const rawColor = paint['background-color'];
  >                 const rawColor = paint['background-color'];
  |                 const opacity = (_f = paint['background-opacity']) !== null && _f !== void 0 ? _f : 1;
  |                 let color = '#000000';
      at ./@flywave/flywave-mbstyle-datasource/src/MBStyleDataSource.ts (/tmp/_karma_webpack_16416/commons.js:41605:7)
      at __webpack_require__ (/tmp/_karma_webpack_16416/runtime.js:23:42)
      at ./@flywave/flywave-mbstyle-datasource/test/MBStyleCompatRenderTest.ts (/tmp/_karma_webpack_16416/commons.js:45283:80)
      at __webpack_require__ (/tmp/_karma_webpack_16416/runtime.js:23:42)
      at __webpack_exec__ (MBStyleCompatRenderTest.1077151467.js:4:48)
      at MBStyleCompatRenderTest.1077151467.js:5:55
      at __webpack_require__.O (/tmp/_karma_webpack_16416/runtime.js:65:23)
      at MBStyleCompatRenderTest.1077151467.js:6:56
      at webpackJsonpCallback (/tmp/_karma_webpack_16416/runtime.js:177:39)
      at MBStyleCompatRenderTest.1077151467.js:2:73

Edge 150.0.0.0 (Linux x86_64) ERROR
  Uncaught Error: Module parse failed: Identifier 'rawColor' has already been declared (2061:22)
  File was processed with these loaders:
   * ./node_modules/.pnpm/ts-loader@8.4.0_typescript@5.8.3_webpack@5.99.9/node_modules/ts-loader/index.js
  You may need an additional loader to handle the result of these loaders.
  |                 }
  |                 const rawColor = paint['background-color'];
  >                 const rawColor = paint['background-color'];
  |                 const opacity = (_f = paint['background-opacity']) !== null && _f !== void 0 ? _f : 1;
  |                 let color = '#000000';
  at /tmp/_karma_webpack_16416/commons.js:41605:1
  
  Error: Module parse failed: Identifier 'rawColor' has already been declared (2061:22)
  File was processed with these loaders:
   * ./node_modules/.pnpm/ts-loader@8.4.0_typescript@5.8.3_webpack@5.99.9/node_modules/ts-loader/index.js
  You may need an additional loader to handle the result of these loaders.
  |                 }
  |                 const rawColor = paint['background-color'];
  >                 const rawColor = paint['background-color'];
  |                 const opacity = (_f = paint['background-opacity']) !== null && _f !== void 0 ? _f : 1;
  |                 let color = '#000000';
      at ./@flywave/flywave-mbstyle-datasource/src/MBStyleDataSource.ts (/tmp/_karma_webpack_16416/commons.js:41605:7)
      at __webpack_require__ (/tmp/_karma_webpack_16416/runtime.js:23:42)
      at ./@flywave/flywave-mbstyle-datasource/test/MBStyleCompatRenderTest.ts (/tmp/_karma_webpack_16416/commons.js:45283:80)
      at __webpack_require__ (/tmp/_karma_webpack_16416/runtime.js:23:42)
      at __webpack_exec__ (MBStyleCompatRenderTest.1077151467.js:4:48)
      at MBStyleCompatRenderTest.1077151467.js:5:55
      at __webpack_require__.O (/tmp/_karma_webpack_16416/runtime.js:65:23)
      at MBStyleCompatRenderTest.1077151467.js:6:56
      at webpackJsonpCallback (/tmp/_karma_webpack_16416/runtime.js:177:39)
      at MBStyleCompatRenderTest.1077151467.js:2:73

Handlebars: Access has been denied to resolve the property "statements" because it is not an "own property" of its parent.
You can add a runtime option to disable the check or this warning:
See https://handlebarsjs.com/api-reference/runtime-options.html#options-to-control-prototype-access for details
Handlebars: Access has been denied to resolve the property "branches" because it is not an "own property" of its parent.
You can add a runtime option to disable the check or this warning:
See https://handlebarsjs.com/api-reference/runtime-options.html#options-to-control-prototype-access for details
Handlebars: Access has been denied to resolve the property "functions" because it is not an "own property" of its parent.
You can add a runtime option to disable the check or this warning:
See https://handlebarsjs.com/api-reference/runtime-options.html#options-to-control-prototype-access for details
Handlebars: Access has been denied to resolve the property "lines" because it is not an "own property" of its parent.
You can add a runtime option to disable the check or this warning:
See https://handlebarsjs.com/api-reference/runtime-options.html#options-to-control-prototype-access for details

=============================== Coverage summary ===============================
Statements   : Unknown% ( 0/0 )
Branches     : Unknown% ( 0/0 )
Functions    : Unknown% ( 0/0 )
Lines        : Unknown% ( 0/0 )
================================================================================

No test results were recorded (server may not have received feedback).

=== Render-test evaluation complete ===
Results saved to: rendering-test-results/mbstyle-s416d
Open the HTML report:  http://localhost:8099/ibct-report
(press Ctrl-C to stop the result server)
