RenderingTestResultServer: start standaloneServer:  rendering-test-results/mbstyle-s417g
RenderingTestResultServer: start standaloneServer:  rendering-test-results/mbstyle-s417g
RenderingTestResultServer: serving IBCT report at /ibct-report endpoint
RenderingTestResultServer: accepting IBCT results at /ibct-feedback endpoint
RenderingTestResultServer: serving IBCT report at /ibct-report endpoint
RenderingTestResultServer: accepting IBCT results at /ibct-feedback endpoint
RenderingTestResultServer: listening on port localhost:8099!
RenderingTestResultServer: listening on port localhost:8099!
Matched test files: [
  '@flywave/flywave-mbstyle-datasource/test/MBStyleCompatRenderTest.ts',
  {
    pattern: 'node_modules/three/examples/jsm/libs/draco/**/*.*',
    included: false
  },
  {
    pattern: '@flywave/flywave-3dtile-render/test/data/**/*.*',
    included: false
  },
  {
    pattern: '@flywave/flywave-map-theme/resources/fonts/**/*.*',
    included: false
  },
  {
    pattern: '@flywave/flywave-mbstyle-datasource/test/render-tests/**/expected.png',
    included: false
  },
  {
    pattern: '@flywave/flywave-mbstyle-datasource/test/rendering/integration/**/*.*',
    included: false
  },
  {
    pattern: 'mapbox-gl-js/test/integration/image/*.*',
    included: false
  }
]
Matched test files: [
  '@flywave/flywave-mbstyle-datasource/test/MBStyleCompatRenderTest.ts',
  {
    pattern: 'node_modules/three/examples/jsm/libs/draco/**/*.*',
    included: false
  },
  {
    pattern: '@flywave/flywave-3dtile-render/test/data/**/*.*',
    included: false
  },
  {
    pattern: '@flywave/flywave-map-theme/resources/fonts/**/*.*',
    included: false
  },
  {
    pattern: '@flywave/flywave-mbstyle-datasource/test/render-tests/**/expected.png',
    included: false
  },
  {
    pattern: '@flywave/flywave-mbstyle-datasource/test/rendering/integration/**/*.*',
    included: false
  },
  {
    pattern: 'mapbox-gl-js/test/integration/image/*.*',
    included: false
  }
]
[33m25 08 2026 22:34:20.748:WARN [filelist]: [39mPattern "/home/aninggo/work/flywave.gl/@flywave/flywave-3dtile-render/test/data/**/*.*" does not match any file.
[33m25 08 2026 22:34:20.748:WARN [filelist]: [39mPattern "/home/aninggo/work/flywave.gl/@flywave/flywave-3dtile-render/test/data/**/*.*" does not match any file.
Webpack bundling...
Webpack bundling...
asset [1m[32mcommons.js[39m[22m 41.1 MiB [1m[32m[emitted][39m[22m (name: commons) (id hint: commons)
asset [1m[32mruntime.js[39m[22m 16.4 KiB [1m[32m[emitted][39m[22m (name: runtime)
asset [1m[32mMBStyleCompatRenderTest.1077151467.js[39m[22m 517 bytes [1m[32m[emitted][39m[22m (name: MBStyleCompatRenderTest.1077151467)
Entrypoint [1mMBStyleCompatRenderTest.1077151467[39m[22m 41.2 MiB = [1m[32mruntime.js[39m[22m 16.4 KiB [1m[32mcommons.js[39m[22m 41.1 MiB [1m[32mMBStyleCompatRenderTest.1077151467.js[39m[22m 517 bytes
webpack 5.99.9 compiled [1m[32msuccessfully[39m[22m in 11659 ms
asset [1m[32mcommons.js[39m[22m 41.1 MiB [1m[32m[emitted][39m[22m (name: commons) (id hint: commons)
asset [1m[32mruntime.js[39m[22m 16.4 KiB [1m[32m[emitted][39m[22m (name: runtime)
asset [1m[32mMBStyleCompatRenderTest.1077151467.js[39m[22m 517 bytes [1m[32m[emitted][39m[22m (name: MBStyleCompatRenderTest.1077151467)
Entrypoint [1mMBStyleCompatRenderTest.1077151467[39m[22m 41.2 MiB = [1m[32mruntime.js[39m[22m 16.4 KiB [1m[32mcommons.js[39m[22m 41.1 MiB [1m[32mMBStyleCompatRenderTest.1077151467.js[39m[22m 517 bytes
webpack 5.99.9 compiled [1m[32msuccessfully[39m[22m in 11659 ms
[33m25 08 2026 22:34:34.279:WARN [filelist]: [39mPattern "/home/aninggo/work/flywave.gl/@flywave/flywave-3dtile-render/test/data/**/*.*" does not match any file.
[33m25 08 2026 22:34:34.279:WARN [filelist]: [39mPattern "/home/aninggo/work/flywave.gl/@flywave/flywave-3dtile-render/test/data/**/*.*" does not match any file.
[32m25 08 2026 22:34:35.820:INFO [karma-server]: [39mKarma v6.4.4 server started at http://localhost:9876/
[32m25 08 2026 22:34:35.820:INFO [karma-server]: [39mKarma v6.4.4 server started at http://localhost:9876/
[32m25 08 2026 22:34:35.820:INFO [launcher]: [39mLaunching browsers ChromeHeadlessNoSandbox with concurrency unlimited
[32m25 08 2026 22:34:35.820:INFO [launcher]: [39mLaunching browsers ChromeHeadlessNoSandbox with concurrency unlimited
[32m25 08 2026 22:34:35.824:INFO [launcher]: [39mStarting browser ChromeHeadless
[32m25 08 2026 22:34:35.824:INFO [launcher]: [39mStarting browser ChromeHeadless
[32m25 08 2026 22:34:36.540:INFO [Edge 150.0.0.0 (Linux x86_64)]: [39mConnected on socket YkY9_Pb62q7adl8iAAAB with id 73916230
[32m25 08 2026 22:34:36.540:INFO [Edge 150.0.0.0 (Linux x86_64)]: [39mConnected on socket YkY9_Pb62q7adl8iAAAB with id 73916230
Edge 150.0.0.0 (Linux x86_64) LOG: 'RenderingTestHelper:', 'WebGlInfo', Object{vendor: 'Google Inc. (Google)', gpu: 'ANGLE (Google, Vulkan 1.3.0 (SwiftShader Device (Subzero) (0x0000C0DE)), SwiftShader driver)'}

Edge 150.0.0.0 (Linux x86_64) LOG: 'RenderingTestHelper:', 'WebGlInfo', Object{vendor: 'Google Inc. (Google)', gpu: 'ANGLE (Google, Vulkan 1.3.0 (SwiftShader Device (Subzero) (0x0000C0DE)), SwiftShader driver)'}

Edge 150.0.0.0 (Linux x86_64) LOG: 'RenderingTestHelper:', 'WebGlInfo', Object{vendor: 'Google Inc. (Google)', gpu: 'ANGLE (Google, Vulkan 1.3.0 (SwiftShader Device (Subzero) (0x0000C0DE)), SwiftShader driver)'}
Edge 150.0.0.0 (Linux x86_64) LOG: 'RenderingTestHelper:', 'WebGlInfo', Object{vendor: 'Google Inc. (Google)', gpu: 'ANGLE (Google, Vulkan 1.3.0 (SwiftShader Device (Subzero) (0x0000C0DE)), SwiftShader driver)'}
Edge 150.0.0.0 (Linux x86_64) LOG: '[MBStyleCompat] 3026 compatible tests loaded'

Edge 150.0.0.0 (Linux x86_64) LOG: '[MBStyleCompat] 3026 compatible tests loaded'
Edge 150.0.0.0 (Linux x86_64) LOG: '[MBStyleCompat] 3026 compatible tests loaded'

Edge 150.0.0.0 (Linux x86_64) LOG: '[MBStyleCompat] 3026 compatible tests loaded'
Edge 150.0.0.0 (Linux x86_64) LOG: '[MBStyleCompat] filtered to 1 tests matching "mapbox-gl-js#6655", "22"'

Edge 150.0.0.0 (Linux x86_64) LOG: '[MBStyleCompat] filtered to 1 tests matching "mapbox-gl-js#6655", "22"'

Edge 150.0.0.0 (Linux x86_64) LOG: '[MBStyleCompat] filtered to 1 tests matching "mapbox-gl-js#6655", "22"'
Edge 150.0.0.0 (Linux x86_64) LOG: '[MBStyleCompat] filtered to 1 tests matching "mapbox-gl-js#6655", "22"'


[1A[2KEdge 150.0.0.0 (Linux x86_64): Executed 0 of 1 SUCCESS (0 secs / 0 secs)
[1A[2KEdge 150.0.0.0 (Linux x86_64): Executed 0 of 1 SUCCESS (0 secs / 0 secs)
RenderingTestResultServer: received results for {"module":"mbstyle-render","imageThreshold":0.001,"platform":"web-Edge-150.0.0.0-Linux","name":"regressions/mapbox-gl-js#6655"}
RenderingTestResultServer: received results for {"module":"mbstyle-render","imageThreshold":0.001,"platform":"web-Edge-150.0.0.0-Linux","name":"regressions/mapbox-gl-js#6655"}
RenderingTestResultServer: /ibct-feedback: result: failed: 52 wrong pixels
RenderingTestResultServer: /ibct-feedback: result: failed: 52 wrong pixels
RenderingTestResultServer: writing current image: rendering-test-results/mbstyle-s417g/web-Edge-150.0.0.0-Linux/mbstyle-render-regressions/mapbox-gl-js#6655.current.png
RenderingTestResultServer: writing current image: rendering-test-results/mbstyle-s417g/web-Edge-150.0.0.0-Linux/mbstyle-render-regressions/mapbox-gl-js#6655.current.png
RenderingTestResultServer: writing diff image: rendering-test-results/mbstyle-s417g/web-Edge-150.0.0.0-Linux/mbstyle-render-regressions/mapbox-gl-js#6655.diff.png
RenderingTestResultServer: writing diff image: rendering-test-results/mbstyle-s417g/web-Edge-150.0.0.0-Linux/mbstyle-render-regressions/mapbox-gl-js#6655.diff.png
RenderingTestResultServer: writing report rendering-test-results/mbstyle-s417g/web-Edge-150.0.0.0-Linux/mbstyle-render-regressions/mapbox-gl-js#6655.ibct-result.json
RenderingTestResultServer: writing report rendering-test-results/mbstyle-s417g/web-Edge-150.0.0.0-Linux/mbstyle-render-regressions/mapbox-gl-js#6655.ibct-result.json
[1A[2KEdge 150.0.0.0 (Linux x86_64) MBStyleDataSource render-tests compatibility regressions/mapbox-gl-js#6655 FAILED
	AssertionError: 52 mismatched pixels, reference image: regressions/mapbox-gl-js#6655: expected 52 to be at most 5
	    at RenderingTestHelper.<anonymous> (/tmp/_karma_webpack_768871/commons.js:61178:54)
	    at Generator.next (<anonymous>)
	    at fulfilled (/tmp/_karma_webpack_768871/commons.js:61066:58)
Edge 150.0.0.0 (Linux x86_64): Executed 1 of 1 (1 FAILED) (0 secs / 0.343 secs)
[1A[2KEdge 150.0.0.0 (Linux x86_64) MBStyleDataSource render-tests compatibility regressions/mapbox-gl-js#6655 FAILED
	AssertionError: 52 mismatched pixels, reference image: regressions/mapbox-gl-js#6655: expected 52 to be at most 5
	    at RenderingTestHelper.<anonymous> (/tmp/_karma_webpack_768871/commons.js:61178:54)
	    at Generator.next (<anonymous>)
	    at fulfilled (/tmp/_karma_webpack_768871/commons.js:61066:58)
Edge 150.0.0.0 (Linux x86_64): Executed 1 of 1 (1 FAILED) (0 secs / 0.343 secs)
Edge 150.0.0.0 (Linux x86_64) MBStyleDataSource render-tests compatibility regressions/mapbox-gl-js#6655 FAILED
	AssertionError: 52 mismatched pixels, reference image: regressions/mapbox-gl-js#6655: expected 52 to be at most 5
	    at RenderingTestHelper.<anonymous> (/tmp/_karma_webpack_768871/commons.js:61178:54)
	    at Generator.next (<anonymous>)
	    at fulfilled (/tmp/_karma_webpack_768871/commons.js:61066:58)
Edge 150.0.0.0 (Linux x86_64) MBStyleDataSource render-tests compatibility regressions/mapbox-gl-js#6655 FAILED
	AssertionError: 52 mismatched pixels, reference image: regressions/mapbox-gl-js#6655: expected 52 to be at most 5
	    at RenderingTestHelper.<anonymous> (/tmp/_karma_webpack_768871/commons.js:61178:54)
	    at Generator.next (<anonymous>)
	    at fulfilled (/tmp/_karma_webpack_768871/commons.js:61066:58)
[1A[2KEdge 150.0.0.0 (Linux x86_64): Executed 1 of 1 (1 FAILED) (0.404 secs / 0.343 secs)
[1A[2KEdge 150.0.0.0 (Linux x86_64): Executed 1 of 1 (1 FAILED) (0.404 secs / 0.343 secs)
TOTAL: 1 FAILED, 0 SUCCESS
TOTAL: 1 FAILED, 0 SUCCESS
TOTAL: 1 FAILED, 0 SUCCESS
TOTAL: 1 FAILED, 0 SUCCESS


=============================== Coverage summary ===============================
=============================== Coverage summary ===============================
Statements   : Unknown% ( 0/0 )
Statements   : Unknown% ( 0/0 )
Branches     : Unknown% ( 0/0 )
Branches     : Unknown% ( 0/0 )
Functions    : Unknown% ( 0/0 )
Functions    : Unknown% ( 0/0 )
Lines        : Unknown% ( 0/0 )
Lines        : Unknown% ( 0/0 )
================================================================================
================================================================================

=== Summary: 0 passed, 1 failed ===

=== Summary: 0 passed, 1 failed ===
  FAIL regressions/mapbox-gl-js#6655 (52 mismatched pixels)
  FAIL regressions/mapbox-gl-js#6655 (52 mismatched pixels)

=== Render-test evaluation complete ===

=== Render-test evaluation complete ===
Results saved to: rendering-test-results/mbstyle-s417g
Results saved to: rendering-test-results/mbstyle-s417g
Open the HTML report:  http://localhost:8099/ibct-report
Open the HTML report:  http://localhost:8099/ibct-report
(press Ctrl-C to stop the result server)
(press Ctrl-C to stop the result server)
