RenderingTestResultServer: start standaloneServer:  rendering-test-results/mbstyle-s418-pre4
RenderingTestResultServer: serving IBCT report at /ibct-report endpoint
RenderingTestResultServer: accepting IBCT results at /ibct-feedback endpoint
RenderingTestResultServer: listening on port localhost:8099!
tsconfig-paths-webpack-plugin: Using config file at /home/aninggo/work/flywave.gl/tsconfig.karma.json
Matched test files: [
  '@flywave/flywave-mbstyle-datasource/test/MBStyleCompatRenderTest.ts',
  {
    pattern: 'node_modules/three/examples/jsm/libs/draco/**/*.*',
    included: false
  },
  {
    pattern: '@flywave/flywave-3dtile-render/test/data/**/*.*',
    included: false
  },
  {
    pattern: '@flywave/flywave-map-theme/resources/fonts/**/*.*',
    included: false
  },
  {
    pattern: '@flywave/flywave-mbstyle-datasource/test/render-tests/**/expected.png',
    included: false
  },
  {
    pattern: '@flywave/flywave-mbstyle-datasource/test/rendering/integration/**/*.*',
    included: false
  },
  {
    pattern: 'mapbox-gl-js/test/integration/image/*.*',
    included: false
  }
]
[33m25 08 2026 23:15:49.075:WARN [filelist]: [39mPattern "/home/aninggo/work/flywave.gl/@flywave/flywave-3dtile-render/test/data/**/*.*" does not match any file.
Webpack bundling...
asset [1m[32mcommons.js[39m[22m 41.1 MiB [1m[32m[emitted][39m[22m (name: commons) (id hint: commons)
asset [1m[32mruntime.js[39m[22m 16.4 KiB [1m[32m[emitted][39m[22m (name: runtime)
asset [1m[32mMBStyleCompatRenderTest.1077151467.js[39m[22m 517 bytes [1m[32m[emitted][39m[22m (name: MBStyleCompatRenderTest.1077151467)
Entrypoint [1mMBStyleCompatRenderTest.1077151467[39m[22m 41.1 MiB = [1m[32mruntime.js[39m[22m 16.4 KiB [1m[32mcommons.js[39m[22m 41.1 MiB [1m[32mMBStyleCompatRenderTest.1077151467.js[39m[22m 517 bytes
webpack 5.99.9 compiled [1m[32msuccessfully[39m[22m in 12056 ms
[33m25 08 2026 23:16:03.114:WARN [filelist]: [39mPattern "/home/aninggo/work/flywave.gl/@flywave/flywave-3dtile-render/test/data/**/*.*" does not match any file.
[32m25 08 2026 23:16:04.781:INFO [karma-server]: [39mKarma v6.4.4 server started at http://localhost:9876/
[32m25 08 2026 23:16:04.782:INFO [launcher]: [39mLaunching browsers ChromeHeadlessNoSandbox with concurrency unlimited
[32m25 08 2026 23:16:04.786:INFO [launcher]: [39mStarting browser ChromeHeadless
[32m25 08 2026 23:16:05.584:INFO [Edge 150.0.0.0 (Linux x86_64)]: [39mConnected on socket 70BQXCR6FaeosholAAAB with id 51097077
Edge 150.0.0.0 (Linux x86_64) LOG: 'RenderingTestHelper:', 'WebGlInfo', Object{vendor: 'Google Inc. (Google)', gpu: 'ANGLE (Google, Vulkan 1.3.0 (SwiftShader Device (Subzero) (0x0000C0DE)), SwiftShader driver)'}

Edge 150.0.0.0 (Linux x86_64) LOG: 'RenderingTestHelper:', 'WebGlInfo', Object{vendor: 'Google Inc. (Google)', gpu: 'ANGLE (Google, Vulkan 1.3.0 (SwiftShader Device (Subzero) (0x0000C0DE)), SwiftShader driver)'}
Edge 150.0.0.0 (Linux x86_64) LOG: '[MBStyleCompat] 3026 compatible tests loaded'

Edge 150.0.0.0 (Linux x86_64) LOG: '[MBStyleCompat] 3026 compatible tests loaded'
Edge 150.0.0.0 (Linux x86_64) LOG: '[MBStyleCompat] filtered to 1 tests matching "cross-tile-sort"'

Edge 150.0.0.0 (Linux x86_64) LOG: '[MBStyleCompat] filtered to 1 tests matching "cross-tile-sort"'

[1A[2KEdge 150.0.0.0 (Linux x86_64): Executed 0 of 1 SUCCESS (0 secs / 0 secs)
(node:86329) [DEP0060] DeprecationWarning: The `util._extend` API is deprecated. Please use Object.assign() instead.
(Use `node --trace-deprecation ...` to show where the warning was created)
RenderingTestResultServer: received results for {"module":"mbstyle-render","imageThreshold":0.001,"platform":"web-Edge-150.0.0.0-Linux","name":"circle-sort-key/cross-tile-sort"}
RenderingTestResultServer: /ibct-feedback: result: failed: 1 wrong pixels
RenderingTestResultServer: writing current image: rendering-test-results/mbstyle-s418-pre4/web-Edge-150.0.0.0-Linux/mbstyle-render-circle-sort-key/cross-tile-sort.current.png
RenderingTestResultServer: writing diff image: rendering-test-results/mbstyle-s418-pre4/web-Edge-150.0.0.0-Linux/mbstyle-render-circle-sort-key/cross-tile-sort.diff.png
RenderingTestResultServer: writing report rendering-test-results/mbstyle-s418-pre4/web-Edge-150.0.0.0-Linux/mbstyle-render-circle-sort-key/cross-tile-sort.ibct-result.json
[1A[2KEdge 150.0.0.0 (Linux x86_64): Executed 1 of 1 SUCCESS (0 secs / 0.315 secs)
[1A[2KEdge 150.0.0.0 (Linux x86_64): Executed 1 of 1 SUCCESS (0.32 secs / 0.315 secs)
TOTAL: 1 SUCCESS
TOTAL: 1 SUCCESS
Handlebars: Access has been denied to resolve the property "statements" because it is not an "own property" of its parent.
You can add a runtime option to disable the check or this warning:
See https://handlebarsjs.com/api-reference/runtime-options.html#options-to-control-prototype-access for details
Handlebars: Access has been denied to resolve the property "branches" because it is not an "own property" of its parent.
You can add a runtime option to disable the check or this warning:
See https://handlebarsjs.com/api-reference/runtime-options.html#options-to-control-prototype-access for details
Handlebars: Access has been denied to resolve the property "functions" because it is not an "own property" of its parent.
You can add a runtime option to disable the check or this warning:
See https://handlebarsjs.com/api-reference/runtime-options.html#options-to-control-prototype-access for details
Handlebars: Access has been denied to resolve the property "lines" because it is not an "own property" of its parent.
You can add a runtime option to disable the check or this warning:
See https://handlebarsjs.com/api-reference/runtime-options.html#options-to-control-prototype-access for details

=============================== Coverage summary ===============================
Statements   : Unknown% ( 0/0 )
Branches     : Unknown% ( 0/0 )
Functions    : Unknown% ( 0/0 )
Lines        : Unknown% ( 0/0 )
================================================================================

=== Summary: 1 passed, 0 failed ===

=== Render-test evaluation complete ===
Results saved to: rendering-test-results/mbstyle-s418-pre4
Open the HTML report:  http://localhost:8099/ibct-report
(press Ctrl-C to stop the result server)
