RenderingTestResultServer: start standaloneServer:  rendering-test-results/mbstyle-s418-b5
RenderingTestResultServer: serving IBCT report at /ibct-report endpoint
RenderingTestResultServer: accepting IBCT results at /ibct-feedback endpoint
RenderingTestResultServer: listening on port localhost:8099!
tsconfig-paths-webpack-plugin: Using config file at /home/aninggo/work/flywave.gl/tsconfig.karma.json
Matched test files: [
  '@flywave/flywave-mbstyle-datasource/test/MBStyleCompatRenderTest.ts',
  {
    pattern: 'node_modules/three/examples/jsm/libs/draco/**/*.*',
    included: false
  },
  {
    pattern: '@flywave/flywave-3dtile-render/test/data/**/*.*',
    included: false
  },
  {
    pattern: '@flywave/flywave-map-theme/resources/fonts/**/*.*',
    included: false
  },
  {
    pattern: '@flywave/flywave-mbstyle-datasource/test/render-tests/**/expected.png',
    included: false
  },
  {
    pattern: '@flywave/flywave-mbstyle-datasource/test/rendering/integration/**/*.*',
    included: false
  },
  {
    pattern: 'mapbox-gl-js/test/integration/image/*.*',
    included: false
  }
]
[33m25 08 2026 23:08:42.698:WARN [filelist]: [39mPattern "/home/aninggo/work/flywave.gl/@flywave/flywave-3dtile-render/test/data/**/*.*" does not match any file.
Webpack bundling...
asset [1m[32mcommons.js[39m[22m 41.1 MiB [1m[32m[emitted][39m[22m (name: commons) (id hint: commons)
asset [1m[32mruntime.js[39m[22m 16.4 KiB [1m[32m[emitted][39m[22m (name: runtime)
asset [1m[32mMBStyleCompatRenderTest.1077151467.js[39m[22m 517 bytes [1m[32m[emitted][39m[22m (name: MBStyleCompatRenderTest.1077151467)
Entrypoint [1mMBStyleCompatRenderTest.1077151467[39m[22m 41.2 MiB = [1m[32mruntime.js[39m[22m 16.4 KiB [1m[32mcommons.js[39m[22m 41.1 MiB [1m[32mMBStyleCompatRenderTest.1077151467.js[39m[22m 517 bytes
webpack 5.99.9 compiled [1m[32msuccessfully[39m[22m in 11712 ms
[33m25 08 2026 23:08:56.341:WARN [filelist]: [39mPattern "/home/aninggo/work/flywave.gl/@flywave/flywave-3dtile-render/test/data/**/*.*" does not match any file.
[32m25 08 2026 23:08:57.954:INFO [karma-server]: [39mKarma v6.4.4 server started at http://localhost:9876/
[32m25 08 2026 23:08:57.955:INFO [launcher]: [39mLaunching browsers ChromeHeadlessNoSandbox with concurrency unlimited
[32m25 08 2026 23:08:57.959:INFO [launcher]: [39mStarting browser ChromeHeadless
[32m25 08 2026 23:08:58.732:INFO [Edge 150.0.0.0 (Linux x86_64)]: [39mConnected on socket -GLpUn3nu1AdddxhAAAB with id 21909664
Edge 150.0.0.0 (Linux x86_64) LOG: 'RenderingTestHelper:', 'WebGlInfo', Object{vendor: 'Google Inc. (Google)', gpu: 'ANGLE (Google, Vulkan 1.3.0 (SwiftShader Device (Subzero) (0x0000C0DE)), SwiftShader driver)'}

Edge 150.0.0.0 (Linux x86_64) LOG: 'RenderingTestHelper:', 'WebGlInfo', Object{vendor: 'Google Inc. (Google)', gpu: 'ANGLE (Google, Vulkan 1.3.0 (SwiftShader Device (Subzero) (0x0000C0DE)), SwiftShader driver)'}
Edge 150.0.0.0 (Linux x86_64) LOG: '[MBStyleCompat] 3026 compatible tests loaded'

Edge 150.0.0.0 (Linux x86_64) LOG: '[MBStyleCompat] 3026 compatible tests loaded'
Edge 150.0.0.0 (Linux x86_64) LOG: '[MBStyleCompat] filtered to 0 tests matching "fill-extrusion-base/vector-source"'

Edge 150.0.0.0 (Linux x86_64) LOG: '[MBStyleCompat] filtered to 0 tests matching "fill-extrusion-base/vector-source"'

[1A[2KEdge 150.0.0.0 (Linux x86_64): Executed 0 of 0 SUCCESS (0 secs / 0 secs)
[1A[2KEdge 150.0.0.0 (Linux x86_64): Executed 0 of 0 SUCCESS (0.001 secs / 0 secs)
TOTAL: 0 SUCCESS
TOTAL: 0 SUCCESS
Handlebars: Access has been denied to resolve the property "statements" because it is not an "own property" of its parent.
You can add a runtime option to disable the check or this warning:
See https://handlebarsjs.com/api-reference/runtime-options.html#options-to-control-prototype-access for details
Handlebars: Access has been denied to resolve the property "branches" because it is not an "own property" of its parent.
You can add a runtime option to disable the check or this warning:
See https://handlebarsjs.com/api-reference/runtime-options.html#options-to-control-prototype-access for details
Handlebars: Access has been denied to resolve the property "functions" because it is not an "own property" of its parent.
You can add a runtime option to disable the check or this warning:
See https://handlebarsjs.com/api-reference/runtime-options.html#options-to-control-prototype-access for details
Handlebars: Access has been denied to resolve the property "lines" because it is not an "own property" of its parent.
You can add a runtime option to disable the check or this warning:
See https://handlebarsjs.com/api-reference/runtime-options.html#options-to-control-prototype-access for details

=============================== Coverage summary ===============================
Statements   : Unknown% ( 0/0 )
Branches     : Unknown% ( 0/0 )
Functions    : Unknown% ( 0/0 )
Lines        : Unknown% ( 0/0 )
================================================================================

No test results were recorded (server may not have received feedback).

=== Render-test evaluation complete ===
Results saved to: rendering-test-results/mbstyle-s418-b5
Open the HTML report:  http://localhost:8099/ibct-report
(press Ctrl-C to stop the result server)
