RenderingTestResultServer: start standaloneServer:  rendering-test-results/mbstyle-s421a
RenderingTestResultServer: serving IBCT report at /ibct-report endpoint
RenderingTestResultServer: accepting IBCT results at /ibct-feedback endpoint
RenderingTestResultServer: listening on port localhost:8099!
tsconfig-paths-webpack-plugin: Using config file at /home/aninggo/work/flywave.gl/tsconfig.karma.json
Matched test files: [
  '@flywave/flywave-mbstyle-datasource/test/MBStyleCompatRenderTest.ts',
  {
    pattern: 'node_modules/three/examples/jsm/libs/draco/**/*.*',
    included: false
  },
  {
    pattern: '@flywave/flywave-3dtile-render/test/data/**/*.*',
    included: false
  },
  {
    pattern: '@flywave/flywave-map-theme/resources/fonts/**/*.*',
    included: false
  },
  {
    pattern: '@flywave/flywave-mbstyle-datasource/test/render-tests/**/expected.png',
    included: false
  },
  {
    pattern: '@flywave/flywave-mbstyle-datasource/test/rendering/integration/**/*.*',
    included: false
  },
  {
    pattern: 'mapbox-gl-js/test/integration/image/*.*',
    included: false
  }
]
[33m26 08 2026 00:04:30.779:WARN [filelist]: [39mPattern "/home/aninggo/work/flywave.gl/@flywave/flywave-3dtile-render/test/data/**/*.*" does not match any file.
Webpack bundling...
asset [1m[32mcommons.js[39m[22m 41.1 MiB [1m[32m[emitted][39m[22m (name: commons) (id hint: commons)
asset [1m[32mruntime.js[39m[22m 16.4 KiB [1m[32m[emitted][39m[22m (name: runtime)
asset [1m[32mMBStyleCompatRenderTest.1077151467.js[39m[22m 517 bytes [1m[32m[emitted][39m[22m (name: MBStyleCompatRenderTest.1077151467)
Entrypoint [1mMBStyleCompatRenderTest.1077151467[39m[22m 41.2 MiB = [1m[32mruntime.js[39m[22m 16.4 KiB [1m[32mcommons.js[39m[22m 41.1 MiB [1m[32mMBStyleCompatRenderTest.1077151467.js[39m[22m 517 bytes
webpack 5.99.9 compiled [1m[32msuccessfully[39m[22m in 11431 ms
[33m26 08 2026 00:04:44.143:WARN [filelist]: [39mPattern "/home/aninggo/work/flywave.gl/@flywave/flywave-3dtile-render/test/data/**/*.*" does not match any file.
[32m26 08 2026 00:04:45.645:INFO [karma-server]: [39mKarma v6.4.4 server started at http://localhost:9876/
[32m26 08 2026 00:04:45.646:INFO [launcher]: [39mLaunching browsers ChromeHeadlessNoSandbox with concurrency unlimited
[32m26 08 2026 00:04:45.650:INFO [launcher]: [39mStarting browser ChromeHeadless
[32m26 08 2026 00:04:46.388:INFO [Edge 150.0.0.0 (Linux x86_64)]: [39mConnected on socket qh-KnsHCIbIerIsRAAAB with id 89727699
Edge 150.0.0.0 (Linux x86_64) LOG: 'RenderingTestHelper:', 'WebGlInfo', Object{vendor: 'Google Inc. (Google)', gpu: 'ANGLE (Google, Vulkan 1.3.0 (SwiftShader Device (Subzero) (0x0000C0DE)), SwiftShader driver)'}

Edge 150.0.0.0 (Linux x86_64) LOG: 'RenderingTestHelper:', 'WebGlInfo', Object{vendor: 'Google Inc. (Google)', gpu: 'ANGLE (Google, Vulkan 1.3.0 (SwiftShader Device (Subzero) (0x0000C0DE)), SwiftShader driver)'}
Edge 150.0.0.0 (Linux x86_64) LOG: '[MBStyleCompat] 3026 compatible tests loaded'

Edge 150.0.0.0 (Linux x86_64) LOG: '[MBStyleCompat] 3026 compatible tests loaded'
Edge 150.0.0.0 (Linux x86_64) LOG: '[MBStyleCompat] filtered to 1 tests matching "one-to-two"'

Edge 150.0.0.0 (Linux x86_64) LOG: '[MBStyleCompat] filtered to 1 tests matching "one-to-two"'

[1A[2KEdge 150.0.0.0 (Linux x86_64): Executed 0 of 1 SUCCESS (0 secs / 0 secs)
(node:102290) [DEP0060] DeprecationWarning: The `util._extend` API is deprecated. Please use Object.assign() instead.
(Use `node --trace-deprecation ...` to show where the warning was created)
[1A[2KLOG: '[mbdbg] addBox', 'mbblend:music-12|building-12|0.5000', 'x', -11, 'y', -11, 'w', 22, 'h', 22, 'computed', 22, 22
Edge 150.0.0.0 (Linux x86_64): Executed 0 of 1 SUCCESS (0 secs / 0 secs)
LOG: '[mbdbg] addBox', 'mbblend:music-12|building-12|0.5000', 'x', -11, 'y', -11, 'w', 22, 'h', 22, 'computed', 22, 22
[1A[2KLOG: '[mbdbg] addBox', 'mbblend:music-12|building-12|0.5000', 'x', -11, 'y', -11, 'w', 22, 'h', 22, 'computed', 22, 22
Edge 150.0.0.0 (Linux x86_64): Executed 0 of 1 SUCCESS (0 secs / 0 secs)
LOG: '[mbdbg] addBox', 'mbblend:music-12|building-12|0.5000', 'x', -11, 'y', -11, 'w', 22, 'h', 22, 'computed', 22, 22
RenderingTestResultServer: received results for {"module":"mbstyle-render","imageThreshold":0.001,"platform":"web-Edge-150.0.0.0-Linux","name":"appearance/icon-image-cross-fade/one-to-two"}
RenderingTestResultServer: /ibct-feedback: result: failed: 218 wrong pixels
RenderingTestResultServer: writing current image: rendering-test-results/mbstyle-s421a/web-Edge-150.0.0.0-Linux/mbstyle-render-appearance/icon-image-cross-fade/one-to-two.current.png
RenderingTestResultServer: writing diff image: rendering-test-results/mbstyle-s421a/web-Edge-150.0.0.0-Linux/mbstyle-render-appearance/icon-image-cross-fade/one-to-two.diff.png
RenderingTestResultServer: writing report rendering-test-results/mbstyle-s421a/web-Edge-150.0.0.0-Linux/mbstyle-render-appearance/icon-image-cross-fade/one-to-two.ibct-result.json
[1A[2KEdge 150.0.0.0 (Linux x86_64) MBStyleDataSource render-tests compatibility appearance/icon-image-cross-fade/one-to-two FAILED
	AssertionError: 218 mismatched pixels, reference image: appearance/icon-image-cross-fade/one-to-two: expected 218 to be at most 5
	    at RenderingTestHelper.<anonymous> (/tmp/_karma_webpack_133809/commons.js:61236:54)
	    at Generator.next (<anonymous>)
	    at fulfilled (/tmp/_karma_webpack_133809/commons.js:61124:58)
Edge 150.0.0.0 (Linux x86_64): Executed 1 of 1 (1 FAILED) (0 secs / 0.43 secs)
Edge 150.0.0.0 (Linux x86_64) MBStyleDataSource render-tests compatibility appearance/icon-image-cross-fade/one-to-two FAILED
	AssertionError: 218 mismatched pixels, reference image: appearance/icon-image-cross-fade/one-to-two: expected 218 to be at most 5
	    at RenderingTestHelper.<anonymous> (/tmp/_karma_webpack_133809/commons.js:61236:54)
	    at Generator.next (<anonymous>)
	    at fulfilled (/tmp/_karma_webpack_133809/commons.js:61124:58)
[1A[2KEdge 150.0.0.0 (Linux x86_64): Executed 1 of 1 (1 FAILED) (0.478 secs / 0.43 secs)
TOTAL: 1 FAILED, 0 SUCCESS
TOTAL: 1 FAILED, 0 SUCCESS
Handlebars: Access has been denied to resolve the property "statements" because it is not an "own property" of its parent.
You can add a runtime option to disable the check or this warning:
See https://handlebarsjs.com/api-reference/runtime-options.html#options-to-control-prototype-access for details
Handlebars: Access has been denied to resolve the property "branches" because it is not an "own property" of its parent.
You can add a runtime option to disable the check or this warning:
See https://handlebarsjs.com/api-reference/runtime-options.html#options-to-control-prototype-access for details
Handlebars: Access has been denied to resolve the property "functions" because it is not an "own property" of its parent.
You can add a runtime option to disable the check or this warning:
See https://handlebarsjs.com/api-reference/runtime-options.html#options-to-control-prototype-access for details
Handlebars: Access has been denied to resolve the property "lines" because it is not an "own property" of its parent.
You can add a runtime option to disable the check or this warning:
See https://handlebarsjs.com/api-reference/runtime-options.html#options-to-control-prototype-access for details

=============================== Coverage summary ===============================
Statements   : Unknown% ( 0/0 )
Branches     : Unknown% ( 0/0 )
Functions    : Unknown% ( 0/0 )
Lines        : Unknown% ( 0/0 )
================================================================================

=== Summary: 0 passed, 1 failed ===
  FAIL appearance/icon-image-cross-fade/one-to-two (218 mismatched pixels)

=== Render-test evaluation complete ===
Results saved to: rendering-test-results/mbstyle-s421a
Open the HTML report:  http://localhost:8099/ibct-report
(press Ctrl-C to stop the result server)
