RenderingTestResultServer: start standaloneServer:  rendering-test-results/mbstyle-s421b
RenderingTestResultServer: serving IBCT report at /ibct-report endpoint
RenderingTestResultServer: accepting IBCT results at /ibct-feedback endpoint
RenderingTestResultServer: listening on port localhost:8099!
tsconfig-paths-webpack-plugin: Using config file at /home/aninggo/work/flywave.gl/tsconfig.karma.json
Matched test files: [
  '@flywave/flywave-mbstyle-datasource/test/MBStyleCompatRenderTest.ts',
  {
    pattern: 'node_modules/three/examples/jsm/libs/draco/**/*.*',
    included: false
  },
  {
    pattern: '@flywave/flywave-3dtile-render/test/data/**/*.*',
    included: false
  },
  {
    pattern: '@flywave/flywave-map-theme/resources/fonts/**/*.*',
    included: false
  },
  {
    pattern: '@flywave/flywave-mbstyle-datasource/test/render-tests/**/expected.png',
    included: false
  },
  {
    pattern: '@flywave/flywave-mbstyle-datasource/test/rendering/integration/**/*.*',
    included: false
  },
  {
    pattern: 'mapbox-gl-js/test/integration/image/*.*',
    included: false
  }
]
[33m26 08 2026 00:06:15.928:WARN [filelist]: [39mPattern "/home/aninggo/work/flywave.gl/@flywave/flywave-3dtile-render/test/data/**/*.*" does not match any file.
Webpack bundling...
asset [1m[32mcommons.js[39m[22m 41.1 MiB [1m[32m[emitted][39m[22m (name: commons) (id hint: commons)
asset [1m[32mruntime.js[39m[22m 16.4 KiB [1m[32m[emitted][39m[22m (name: runtime)
asset [1m[32mMBStyleCompatRenderTest.1077151467.js[39m[22m 517 bytes [1m[32m[emitted][39m[22m (name: MBStyleCompatRenderTest.1077151467)
Entrypoint [1mMBStyleCompatRenderTest.1077151467[39m[22m 41.2 MiB = [1m[32mruntime.js[39m[22m 16.4 KiB [1m[32mcommons.js[39m[22m 41.1 MiB [1m[32mMBStyleCompatRenderTest.1077151467.js[39m[22m 517 bytes
webpack 5.99.9 compiled [1m[32msuccessfully[39m[22m in 10928 ms
[33m26 08 2026 00:06:28.734:WARN [filelist]: [39mPattern "/home/aninggo/work/flywave.gl/@flywave/flywave-3dtile-render/test/data/**/*.*" does not match any file.
[32m26 08 2026 00:06:30.278:INFO [karma-server]: [39mKarma v6.4.4 server started at http://localhost:9876/
[32m26 08 2026 00:06:30.278:INFO [launcher]: [39mLaunching browsers ChromeHeadlessNoSandbox with concurrency unlimited
[32m26 08 2026 00:06:30.282:INFO [launcher]: [39mStarting browser ChromeHeadless
[32m26 08 2026 00:06:31.047:INFO [Edge 150.0.0.0 (Linux x86_64)]: [39mConnected on socket dQJL-pPLgmV8Wi2FAAAB with id 23514072
Edge 150.0.0.0 (Linux x86_64) LOG: 'RenderingTestHelper:', 'WebGlInfo', Object{vendor: 'Google Inc. (Google)', gpu: 'ANGLE (Google, Vulkan 1.3.0 (SwiftShader Device (Subzero) (0x0000C0DE)), SwiftShader driver)'}

Edge 150.0.0.0 (Linux x86_64) LOG: 'RenderingTestHelper:', 'WebGlInfo', Object{vendor: 'Google Inc. (Google)', gpu: 'ANGLE (Google, Vulkan 1.3.0 (SwiftShader Device (Subzero) (0x0000C0DE)), SwiftShader driver)'}
Edge 150.0.0.0 (Linux x86_64) LOG: '[MBStyleCompat] 3026 compatible tests loaded'

Edge 150.0.0.0 (Linux x86_64) LOG: '[MBStyleCompat] 3026 compatible tests loaded'
Edge 150.0.0.0 (Linux x86_64) LOG: '[MBStyleCompat] filtered to 1 tests matching "one-to-two"'

Edge 150.0.0.0 (Linux x86_64) LOG: '[MBStyleCompat] filtered to 1 tests matching "one-to-two"'

[1A[2KEdge 150.0.0.0 (Linux x86_64): Executed 0 of 1 SUCCESS (0 secs / 0 secs)
(node:102917) [DEP0060] DeprecationWarning: The `util._extend` API is deprecated. Please use Object.assign() instead.
(Use `node --trace-deprecation ...` to show where the warning was created)
[1A[2KERROR: 'MapView:', 'MapView.renderLoop: render failed, continuing loop', TypeError: Cannot read properties of undefined (reading 'domElement')
TypeError: Cannot read properties of undefined (reading 'domElement')
    at PoiBatchRegistry.addPoi (http://localhost:9876/absolute/tmp/_karma_webpack_494887/commons.js?79b367b63768de7ed9c69111058fe64609f86ca5:30643:226)
    at PoiRenderer.addPoi (http://localhost:9876/absolute/tmp/_karma_webpack_494887/commons.js?79b367b63768de7ed9c69111058fe64609f86ca5:30808:37)
    at TextElementsRenderer.addPointLabel (http://localhost:9876/absolute/tmp/_karma_webpack_494887/commons.js?79b367b63768de7ed9c69111058fe64609f86ca5:34013:36)
    at TextElementsRenderer.addPoiLabel (http://localhost:9876/absolute/tmp/_karma_webpack_494887/commons.js?79b367b63768de7ed9c69111058fe64609f86ca5:34027:21)
    at TextElementsRenderer.placeTextElementGroup (http://localhost:9876/absolute/tmp/_karma_webpack_494887/commons.js?79b367b63768de7ed9c69111058fe64609f86ca5:33467:26)
    at TextElementsRenderer.placeNewTextElements (http://localhost:9876/absolute/tmp/_karma_webpack_494887/commons.js?79b367b63768de7ed9c69111058fe64609f86ca5:33821:23)
    at TextElementsRenderer.placeTextElements (http://localhost:9876/absolute/tmp/_karma_webpack_494887/commons.js?79b367b63768de7ed9c69111058fe64609f86ca5:33808:18)
    at TextElementsRenderer.placeText (http://localhost:9876/absolute/tmp/_karma_webpack_494887/commons.js?79b367b63768de7ed9c69111058fe64609f86ca5:33253:14)
    at MapView.render (http://localhost:9876/absolute/tmp/_karma_webpack_494887/commons.js?79b367b63768de7ed9c69111058fe64609f86ca5:17604:41)
    at MapView.renderLoop (http://localhost:9876/absolute/tmp/_karma_webpack_494887/commons.js?79b367b63768de7ed9c69111058fe64609f86ca5:17469:22)
Edge 150.0.0.0 (Linux x86_64): Executed 0 of 1 SUCCESS (0 secs / 0 secs)
ERROR: 'MapView:', 'MapView.renderLoop: render failed, continuing loop', TypeError: Cannot read properties of undefined (reading 'domElement')
TypeError: Cannot read properties of undefined (reading 'domElement')
    at PoiBatchRegistry.addPoi (http://localhost:9876/absolute/tmp/_karma_webpack_494887/commons.js?79b367b63768de7ed9c69111058fe64609f86ca5:30643:226)
    at PoiRenderer.addPoi (http://localhost:9876/absolute/tmp/_karma_webpack_494887/commons.js?79b367b63768de7ed9c69111058fe64609f86ca5:30808:37)
    at TextElementsRenderer.addPointLabel (http://localhost:9876/absolute/tmp/_karma_webpack_494887/commons.js?79b367b63768de7ed9c69111058fe64609f86ca5:34013:36)
    at TextElementsRenderer.addPoiLabel (http://localhost:9876/absolute/tmp/_karma_webpack_494887/commons.js?79b367b63768de7ed9c69111058fe64609f86ca5:34027:21)
    at TextElementsRenderer.placeTextElementGroup (http://localhost:9876/absolute/tmp/_karma_webpack_494887/commons.js?79b367b63768de7ed9c69111058fe64609f86ca5:33467:26)
    at TextElementsRenderer.placeNewTextElements (http://localhost:9876/absolute/tmp/_karma_webpack_494887/commons.js?79b367b63768de7ed9c69111058fe64609f86ca5:33821:23)
    at TextElementsRenderer.placeTextElements (http://localhost:9876/absolute/tmp/_karma_webpack_494887/commons.js?79b367b63768de7ed9c69111058fe64609f86ca5:33808:18)
    at TextElementsRenderer.placeText (http://localhost:9876/absolute/tmp/_karma_webpack_494887/commons.js?79b367b63768de7ed9c69111058fe64609f86ca5:33253:14)
    at MapView.render (http://localhost:9876/absolute/tmp/_karma_webpack_494887/commons.js?79b367b63768de7ed9c69111058fe64609f86ca5:17604:41)
    at MapView.renderLoop (http://localhost:9876/absolute/tmp/_karma_webpack_494887/commons.js?79b367b63768de7ed9c69111058fe64609f86ca5:17469:22)
